>>> Test 00 :copy <<<
arr1: [0, 1, 2]
arr2: [4, 1, 2]
--------------------------------
>>> Test 00 :copy! <<<
arr3: [0, 1, 2]
arr3: [, 1, 2]
arr1: [, 1, 2]
--------------------------------
