Test 00 unique sorted list
original: [1, 2, 2, 3, 3, 3, 4, 4, 4, 4]
unique: [1, 2, 3, 4]
------------------------------
Test 01 unique shuffled list
original: [2, 9, 2, 9, 9, 6, 4, 5, 9, 4, 3, 4, 6, 1, 5, 3, 4, 7, 5, 7, 8, 3]
unique: [2, 9, 6, 4, 5, 3, 1, 7, 8]
------------------------------
