Test 00 each print strings
apple
peach
cherry
----------------------------
