How many primes do you want?
1th prime: 2
2th prime: 3
3th prime: 5
4th prime: 7
5th prime: 11
6th prime: 13
7th prime: 17
8th prime: 19
9th prime: 23
10th prime: 29
11th prime: 31
12th prime: 37
13th prime: 41
14th prime: 43
15th prime: 47
16th prime: 53
17th prime: 59
18th prime: 61
19th prime: 67
20th prime: 71
21th prime: 73
22th prime: 79
23th prime: 83
24th prime: 89
25th prime: 97
26th prime: 101
27th prime: 103
28th prime: 107
29th prime: 109
30th prime: 113
