Error occurred on line 3
Could not find a value for asdf
Did you mean "abs"?
An error message
