Test 00 unique on sorted array
[1, 2, 3, 4, 5, 6]
[1, 2, 2, 3, 3, 3, 4, 4, 5, 5, 6]
--------------------------------
Test 01 unique on unsorted array
[3, 4, 2, 6, 0, 1, 8, 7, 9]
[3, 4, 2, 3, 9, 2, 6, 0, 1, 4, 8, 3, 3, 7, 9]
--------------------------------
