>>> Test 00 :contains <<<
true
--------------------------------
