>>> Test 00 :concatenate <<<
arr3: [0, 1, 2, 3, , 5, 6, 7]
arr1: [0, 1, 2]
--------------------------------
>>> Test 01 :concatenate! <<<
arr3: [0, 1, 2, 3, , 5, 6, 7]
arr1: [0, 1, 2, 3, , 5, 6, 7]
--------------------------------
