bizzbuzz
1
2
bizz
4
buzz
bizz
7
8
bizz
buzz
11
bizz
13
14
bizzbuzz
16
17
bizz
19
