2
"asdf"
[1, 2, 3]
false
{
"arr": [2, 2.718281828459045, "asdf"],
1: 2,
"val1": "key1"
}
